
C:\>cd FHJoanneum\MBD\GitHubCR

C:\FHJoanneum\MBD\GitHubCR>git clone https://github.com/joanneum-mbd/introduction-to-github-classroom-welcome-ws2025-marcusteme
Cloning into 'introduction-to-github-classroom-welcome-ws2025-marcusteme'...
remote: Enumerating objects: 6, done.
remote: Counting objects: 100% (6/6), done.
remote: Compressing objects: 100% (4/4), done.
remote: Total 6 (delta 1), reused 1 (delta 0), pack-reused 0 (from 0)
Receiving objects: 100% (6/6), 6.10 KiB | 694.00 KiB/s, done.
Resolving deltas: 100% (1/1), done.

C:\FHJoanneum\MBD\GitHubCR>cd introduction-to-github-classroom-welcome-ws2025-marcusteme

C:nano README.md
Der Befehl "nano" ist entweder falsch geschrieben oder
konnte nicht gefunden werden.

C:\FHJoanneum\MBD\GitHubCR\introduction-to-github-classroom-welcome-ws2025-marcusteme>edit README.md

C:\FHJoanneum\MBD\GitHubCR\introduction-to-github-classroom-welcome-ws2025-marcusteme>git status
On branch main
Your branch is up to date with 'origin/main'.

Changes not staged for commit:
  (use "git add <file>..." to update what will be committed)
  (use "git restore <file>..." to discard changes in working directory)
        modified:   README.md

no changes added to commit (use "git add" and/or "git commit -a")

C:\FHJoanneum\MBD\GitHubCR\introduction-to-github-classroom-welcome-ws2025-marcusteme>git add README.md

C:\FHJoanneum\MBD\GitHubCR\introduction-to-github-classroom-welcome-ws2025-marcusteme>git commit -m "Edit Txt File"
[main a79570b] Edit Txt File
 1 file changed, 2 insertions(+), 1 deletion(-)

C:\FHJoanneum\MBD\GitHubCR\introduction-to-github-classroom-welcome-ws2025-marcusteme>git push
Enumerating objects: 5, done.
Counting objects: 100% (5/5), done.
Delta compression using up to 16 threads
Compressing objects: 100% (2/2), done.
Writing objects: 100% (3/3), 299 bytes | 299.00 KiB/s, done.
Total 3 (delta 1), reused 0 (delta 0), pack-reused 0 (from 0)
remote: Resolving deltas: 100% (1/1), completed with 1 local object.
To https://github.com/joanneum-mbd/introduction-to-github-classroom-welcome-ws2025-marcusteme
   c6dfef3..a79570b  main -> main

C:\FHJoanneum\MBD\GitHubCR\introduction-to-github-classroom-welcome-ws2025-marcusteme>